sruasoniD era taerg
sihT si a enil htiw !noitautcnup D:

a
zyxwvutsrqponmlkjihgfedcba palfpalf
;;;;;_;;;;;;;;;
naC uoY yaS preD U_u jfkdla;
floop.blahrhg
