0
2
5
11
23
47
95
191
383
767
1535
3071
6143
12287
24575
49151
98303
196607
393215
786431
1572863
