8x9
1x13
2x23
4x5
1x5
1x1
5x6
32x32
1x13337
0x0
7x7
12x12
