0
1
10
11
100
1000
1010
1100
1110
11111
100000
111111
1000000
